\BOOKMARK [1][-]{section.1}{\376\377\000O\000b\000j\000e\000t\000i\000v\000o}{}% 1
\BOOKMARK [1][-]{section.2}{\376\377\000M\000a\000r\000c\000o\000\040\000T\000e\000\363\000r\000i\000c\000o}{}% 2
\BOOKMARK [2][-]{subsection.2.1}{\376\377\000F\000i\000l\000t\000r\000o\000\040\000R\000C\000\040\000p\000a\000s\000a\000\040\000b\000a\000j\000a\000s}{section.2}% 3
\BOOKMARK [2][-]{subsection.2.2}{\376\377\000F\000i\000l\000t\000r\000o\000\040\000R\000C\000\040\000p\000a\000s\000a\000\040\000a\000l\000t\000a\000s}{section.2}% 4
\BOOKMARK [1][-]{section.3}{\376\377\000M\000a\000t\000e\000r\000i\000a\000l\000e\000s\000\040\000y\000\040\000M\000\351\000t\000o\000d\000o\000s}{}% 5
\BOOKMARK [2][-]{subsection.3.1}{\376\377\000C\000r\000e\000a\000c\000i\000\363\000n\000\040\000d\000e\000l\000\040\000C\000i\000r\000c\000u\000i\000t\000o}{section.3}% 6
\BOOKMARK [2][-]{subsection.3.2}{\376\377\000G\000e\000n\000e\000r\000a\000c\000i\000\363\000n\000\040\000d\000e\000\040\000l\000a\000\040\000s\000e\000\361\000a\000l\000\040\000d\000e\000\040\000e\000n\000t\000r\000a\000d\000a}{section.3}% 7
\BOOKMARK [2][-]{subsection.3.3}{\376\377\000M\000e\000d\000i\000c\000i\000\363\000n\000\040\000d\000e\000\040\000l\000a\000\040\000s\000e\000\361\000a\000l\000\040\000d\000e\000\040\000s\000a\000l\000i\000d\000a}{section.3}% 8
\BOOKMARK [2][-]{subsection.3.4}{\376\377\000C\000\341\000l\000c\000u\000l\000o\000\040\000d\000e\000\040\000l\000a\000\040\000m\000a\000g\000n\000i\000t\000u\000d\000\040\000y\000\040\000d\000e\000l\000\040\000d\000e\000s\000f\000a\000s\000e}{section.3}% 9
\BOOKMARK [1][-]{section.4}{\376\377\000R\000e\000s\000u\000l\000t\000a\000d\000o\000s\000\040\000y\000\040\000D\000i\000s\000c\000u\000s\000i\000\363\000n}{}% 10
\BOOKMARK [2][-]{subsection.4.1}{\376\377\000R\000e\000s\000u\000l\000t\000a\000d\000o\000\040\000E\000x\000p\000e\000r\000i\000m\000e\000n\000t\000a\000l\000e\000s}{section.4}% 11
\BOOKMARK [3][-]{subsubsection.4.1.1}{\376\377\000F\000i\000l\000t\000r\000o\000\040\000P\000a\000s\000a\000\040\000B\000a\000j\000a\000s}{subsection.4.1}% 12
\BOOKMARK [3][-]{subsubsection.4.1.2}{\376\377\000F\000i\000l\000t\000r\000o\000\040\000P\000a\000s\000a\000\040\000A\000l\000t\000a\000s}{subsection.4.1}% 13
\BOOKMARK [2][-]{subsection.4.2}{\376\377\000R\000e\000s\000u\000l\000t\000a\000d\000o\000s\000\040\000T\000e\000\363\000r\000i\000c\000o\000s}{section.4}% 14
\BOOKMARK [2][-]{subsection.4.3}{\376\377\000B\000r\000e\000\361\000a\000\040\000T\000o\000r\000r\000e\000s\000\040\000A\000x\000e\000l\000\040\000I\000v\000a\000n}{section.4}% 15
\BOOKMARK [2][-]{subsection.4.4}{\376\377\000D\000a\000v\000a\000l\000o\000s\000\040\000S\000a\000l\000i\000n\000a\000\040\000D\000i\000e\000g\000o\000\040\000A\000l\000b\000e\000r\000y\000o}{section.4}% 16
\BOOKMARK [2][-]{subsection.4.5}{\376\377\000J\000i\000m\000\351\000n\000e\000s\000\040\000H\000e\000r\000r\000e\000r\000a\000\040\000D\000a\000n\000i\000e\000l\000a}{section.4}% 17
\BOOKMARK [2][-]{subsection.4.6}{\376\377\000P\000a\000r\000e\000d\000e\000s\000\040\000L\000a\000r\000a\000\040\000K\000e\000v\000i\000n}{section.4}% 18
\BOOKMARK [2][-]{subsection.4.7}{\376\377\000P\000e\000\361\000a\000\040\000P\000\351\000r\000e\000z\000\040\000C\000a\000l\000l\000i\000\040\000Y\000e\000r\000e\000k\000i}{section.4}% 19
\BOOKMARK [2][-]{subsection.4.8}{\376\377\000T\000r\000e\000j\000o\000\040\000M\000e\000n\000d\000o\000z\000a\000\040\000A\000a\000r\000o\000n\000\040\000E\000m\000m\000a\000n\000u\000e\000l}{section.4}% 20
\BOOKMARK [2][-]{subsection.4.9}{\376\377\000R\000e\000s\000u\000l\000t\000a\000d\000o\000s\000\040\000y\000\040\000d\000i\000s\000c\000u\000s\000i\000\363\000n\000\040\000d\000e\000l\000\040\000e\000q\000u\000i\000p\000o}{section.4}% 21
\BOOKMARK [1][-]{section.5}{\376\377\000C\000o\000n\000c\000l\000u\000s\000i\000o\000n\000e\000s}{}% 22
\BOOKMARK [2][-]{subsection.5.1}{\376\377\000A\000r\000v\000i\000z\000u\000\040\000P\000\351\000r\000e\000z\000\040\000P\000e\000d\000r\000o}{section.5}% 23
\BOOKMARK [2][-]{subsection.5.2}{\376\377\000B\000a\000r\000r\000e\000r\000a\000\040\000L\000\363\000p\000e\000z\000\040\000D\000a\000n\000i\000e\000l}{section.5}% 24
\BOOKMARK [2][-]{subsection.5.3}{\376\377\000G\000a\000l\000i\000c\000i\000a\000\040\000R\000o\000c\000h\000a\000\040\000S\000a\000n\000d\000r\000a}{section.5}% 25
\BOOKMARK [2][-]{subsection.5.4}{\376\377\000M\000a\000t\000e\000o\000s\000\040\000R\000i\000c\000o\000\040\000J\000u\000a\000n\000\040\000C\000a\000r\000l\000o\000s}{section.5}% 26
\BOOKMARK [2][-]{subsection.5.5}{\376\377\000C\000o\000n\000c\000l\000u\000s\000i\000o\000n\000e\000s\000\040\000d\000e\000l\000\040\000e\000q\000u\000i\000p\000o}{section.5}% 27
\BOOKMARK [1][-]{subsection.5.5}{\376\377\000B\000i\000b\000l\000i\000o\000g\000r\000a\000f\000\355\000a}{}% 28
\BOOKMARK [1][-]{section.6}{\376\377\000A\000n\000e\000x\000o\000s}{}% 29
\BOOKMARK [2][-]{subsection.6.1}{\376\377\000P\000r\000o\000g\000r\000a\000m\000a\000\040\000p\000a\000r\000a\000\040\000g\000r\000a\000f\000i\000c\000a\000r\000\040\000l\000a\000\040\000s\000i\000m\000u\000l\000a\000c\000i\000\363\000n}{section.6}% 30
\BOOKMARK [2][-]{subsection.6.2}{\376\377\000P\000r\000o\000g\000r\000a\000m\000a\000\040\000p\000a\000r\000a\000\040\000g\000r\000a\000f\000i\000c\000a\000r\000\040\000l\000a\000\040\000e\000x\000p\000e\000r\000i\000m\000e\000n\000t\000a\000c\000i\000\363\000n}{section.6}% 31
